--- (A) smooth single-well problem, a=0.0, T=1.0 ---
        dt          error    order p
  0.125000   3.149906e-03        nan
  0.062500   7.808756e-04      2.012
  0.031250   1.947915e-04      2.003
  0.015625   4.867035e-05      2.001
  0.007812   1.216534e-05      2.000
  0.003906   3.040672e-06      2.000
  0.001953   7.596044e-07      2.001
  0.000977   1.893549e-07      2.004
  0.000488   4.678633e-08      2.017
--- (A) smooth single-well problem, a=4.0, T=1.0 ---
        dt          error    order p
  0.125000            nan        nan
  0.062500   5.355182e-03        nan
  0.031250   6.407036e-04      3.063
  0.015625   1.302584e-04      2.298
  0.007812   3.086836e-05      2.077
  0.003906   7.612119e-06      2.020
  0.001953   1.895204e-06      2.006
  0.000977   4.720120e-07      2.005
  0.000488   1.165887e-07      2.017
--- (B) Go model, a=0.0, T=0.1 (short window; see module docstring re. discrete attractor branching at coarser dt) ---
        dt          error    order p
  0.062500   9.176914e-01        nan
  0.031250   3.364565e-01      1.448
  0.015625   3.364565e-01      0.000
  0.007812   1.479084e-01      1.186
  0.003906   7.522941e-02      0.975
  0.001953   1.756342e-02      2.099
  0.000977   1.509251e-02      0.219
--- (B) Go model, a=4.0, T=0.1 (short window; see module docstring re. discrete attractor branching at coarser dt) ---
        dt          error    order p
  0.062500   2.853542e+00        nan
  0.031250   2.480422e+00      0.202
  0.015625   2.480422e+00      0.000
  0.007812   2.555305e+00     -0.043
  0.003906   2.157922e+00      0.244
  0.001953   3.198609e+00     -0.568
  0.000977   4.502338e+00     -0.493
