=== a=0.0, T=2.0 (long-time, multi-basin) ===
        dt          error    order p
   0.12500   3.307289e+00        nan
   0.06250   3.306421e+00      0.000
   0.03125   3.298593e+00      0.003
   0.01562   3.303831e+00     -0.002
   0.00781   3.126982e+00      0.079
   0.00391   2.404777e-01      3.701
   0.00195   4.630192e-02      2.377
   0.00098   1.092359e-02      2.084
=== a=4.0, T=2.0 (long-time, multi-basin) ===
        dt          error    order p
   0.12500   5.565366e+00        nan
   0.06250   5.565366e+00      0.000
   0.03125   5.565881e+00     -0.000
   0.01562   5.567838e+00     -0.001
   0.00781   5.550415e+00      0.005
   0.00391   2.821729e+00      0.976
   0.00195   6.373736e+00     -1.176
   0.00098   6.510701e+00     -0.031
