=== Go model, a=0.0, T=1.0, x0 near equilibrium ===
      dt_k   diff=|x(dt_k)-x(dt_k/2)|    ratio    order p
  0.125000               5.158813e-03      nan        nan
  0.062500               6.098747e-03    0.846     -0.241
  0.031250               2.200040e-04   27.721      4.793
  0.015625               9.959206e-06   22.091      4.465
  0.007812               8.657916e-06    1.150      0.202
  0.003906               4.533878e-06    1.910      0.933
  0.001953               1.546162e-06    2.932      1.552
  0.000977               4.285173e-07    3.608      1.851
  0.000488               1.103644e-07    3.883      1.957

=== Go model, a=4.0, T=1.0, x0 near equilibrium ===
      dt_k   diff=|x(dt_k)-x(dt_k/2)|    ratio    order p
  0.125000               0.000000e+00      nan        nan
  0.062500               0.000000e+00      nan        nan
  0.031250               9.879136e-03      nan        nan
  0.015625               4.774494e-03    2.069      1.049
  0.007812               6.276786e-04    7.607      2.927
  0.003906               4.727450e-04    1.328      0.409
  0.001953               5.129311e-04    0.922     -0.118
  0.000977               5.292971e-05    9.691      3.277
  0.000488               1.065438e-05    4.968      2.313

=== Go model, a=16.0, T=1.0, x0 near equilibrium ===
      dt_k   diff=|x(dt_k)-x(dt_k/2)|    ratio    order p
  0.125000               0.000000e+00      nan        nan
  0.062500               0.000000e+00      nan        nan
  0.031250               0.000000e+00      nan        nan
  0.015625               0.000000e+00      nan        nan
  0.007812               7.980185e-03      nan        nan
  0.003906               5.427300e-03    1.470      0.556
  0.001953               1.285319e-02    0.422     -1.244
  0.000977               9.006907e-04   14.270      3.835
  0.000488               4.895896e-04    1.840      0.879

