loaded 300 trials from ./scripts/../data/dmax_sweep_runs.jsonl

Mean initial energy U0 = 6716.8 +/- 3.7 (mean +/- SEM, n=300)

Table 1: regression estimates of tau(a) and the fitted slope
   a             tau(a)       fitted slope   D*=U0/tau(a)
 0.0    34.46 +/- 2.69       6223 +/- 939         195
 1.0    13.17 +/- 1.04       6224 +/- 363         510
 4.0     4.26 +/- 0.52       6731 +/- 183        1575
 8.0     2.99 +/- 0.12       6786 +/- 41         2243
16.0     3.74 +/- 0.06       6659 +/- 19         1794

Table 2: terminal-state counts per circulation strength a (60 trials/row)
(95% CI = exact/Clopper-Pearson, matching the bounds printed in the
 manuscript's Table 2 -- its caption's label 'Wilson interval' is a
 documentation error, corrected; see docs/manuscript_corrections.md)
   a  nat  mir  loc  unf   p_nat             95% CI  p-value
 0.0   40   15    4    1   0.727 (0.590,0.839)      0.001
 1.0   33   27    0    0   0.550 (0.416,0.679)      0.519
 4.0   35   23    2    0   0.603 (0.466,0.730)      0.148
 8.0   25   29    6    0   0.463 (0.326,0.604)      0.683
16.0   26   31    3    0   0.456 (0.324,0.593)      0.597
 all  159  125   15    1

Table 2b: seed-level (non-pooled) native:mirror sign test, 10 seeds per a
   a  native  mirror  tie  p-value
 0.0       8       2    0    0.109
 1.0       5       4    1    1.000
 4.0       7       3    0    0.344
 8.0       4       5    1    1.000
16.0       4       4    2    1.000

