=== a=0.0, D_max=500.0 ===
  dt=0.005000: states=['NATIVE', 'NATIVE', 'NATIVE', 'NATIVE', 'NATIVE', 'KINETIC_TRAP', 'NATIVE', 'MIRROR_TRAP', 'NATIVE', 'MIRROR_TRAP']
             mean relaxation time over terminal trials = 44.465
  dt=0.002500: states=['NATIVE', 'NATIVE', 'NATIVE', 'NATIVE', 'NATIVE', 'KINETIC_TRAP', 'NATIVE', 'MIRROR_TRAP', 'NATIVE', 'MIRROR_TRAP']
             mean relaxation time over terminal trials = 44.238
  dt=0.005000 -> 0.002500: 0/10 trials reclassified, mean relaxation time changed by 0.5%

=== a=1.0, D_max=500.0 ===
  dt=0.005000: states=['MIRROR_TRAP', 'MIRROR_TRAP', 'NATIVE', 'MIRROR_TRAP', 'NATIVE', 'MIRROR_TRAP', 'NATIVE', 'NATIVE', 'NATIVE', 'NATIVE']
             mean relaxation time over terminal trials = 27.315
  dt=0.002500: states=['MIRROR_TRAP', 'MIRROR_TRAP', 'NATIVE', 'MIRROR_TRAP', 'NATIVE', 'MIRROR_TRAP', 'NATIVE', 'NATIVE', 'NATIVE', 'NATIVE']
             mean relaxation time over terminal trials = 27.073
  dt=0.005000 -> 0.002500: 0/10 trials reclassified, mean relaxation time changed by 0.9%

=== a=4.0, D_max=500.0 ===
  dt=0.005000: states=['NATIVE', 'NATIVE', 'MIRROR_TRAP', 'NATIVE', 'NATIVE', 'MIRROR_TRAP', 'MIRROR_TRAP', 'NATIVE', 'NATIVE', 'MIRROR_TRAP']
             mean relaxation time over terminal trials = 17.365
  dt=0.002500: states=['NATIVE', 'NATIVE', 'MIRROR_TRAP', 'NATIVE', 'NATIVE', 'MIRROR_TRAP', 'MIRROR_TRAP', 'NATIVE', 'NATIVE', 'MIRROR_TRAP']
             mean relaxation time over terminal trials = 17.127
  dt=0.005000 -> 0.002500: 0/10 trials reclassified, mean relaxation time changed by 1.4%

=== a=8.0, D_max=500.0 ===
  dt=0.005000: states=['KINETIC_TRAP', 'MIRROR_TRAP', 'MIRROR_TRAP', 'MIRROR_TRAP', 'MIRROR_TRAP', 'MIRROR_TRAP', 'NATIVE', 'NATIVE', 'NATIVE', 'MIRROR_TRAP']
             mean relaxation time over terminal trials = 16.485
  dt=0.002500: states=['KINETIC_TRAP', 'MIRROR_TRAP', 'MIRROR_TRAP', 'MIRROR_TRAP', 'MIRROR_TRAP', 'MIRROR_TRAP', 'NATIVE', 'NATIVE', 'NATIVE', 'MIRROR_TRAP']
             mean relaxation time over terminal trials = 16.262
  dt=0.005000 -> 0.002500: 0/10 trials reclassified, mean relaxation time changed by 1.3%

=== a=16.0, D_max=500.0 ===
  dt=0.005000: states=['NATIVE', 'NATIVE', 'NATIVE', 'MIRROR_TRAP', 'MIRROR_TRAP', 'MIRROR_TRAP', 'NATIVE', 'NATIVE', 'MIRROR_TRAP', 'MIRROR_TRAP']
             mean relaxation time over terminal trials = 16.955
  dt=0.002500: states=['NATIVE', 'NATIVE', 'MIRROR_TRAP', 'MIRROR_TRAP', 'MIRROR_TRAP', 'MIRROR_TRAP', 'NATIVE', 'NATIVE', 'NATIVE', 'MIRROR_TRAP']
             mean relaxation time over terminal trials = 15.983
  dt=0.001250: states=['NATIVE', 'KINETIC_TRAP', 'MIRROR_TRAP', 'NATIVE', 'MIRROR_TRAP', 'MIRROR_TRAP', 'NATIVE', 'NATIVE', 'MIRROR_TRAP', 'MIRROR_TRAP']
             mean relaxation time over terminal trials = 15.919
  dt=0.005000 -> 0.002500: 2/10 trials reclassified, mean relaxation time changed by 5.7%
  dt=0.005000 -> 0.001250: 3/10 trials reclassified, mean relaxation time changed by 6.1%

